// Jest Snapshot v1, https://goo.gl/fbAQLP

exports[`Pruebas en el componente GifGridItem.js Debe mostrar <GifGridItem /> correctamente  1`] = `
<div
  className="card animate__animated animate__fadeIn"
>
  <img
    alt="Titulo del gif"
    className="animate__animated animate__fadeIn"
    src="http://localhost:3000/assets/img/gif.jpg"
  />
  <p
    className="animate__animated animate__fadeIn"
  >
    Titulo del gif
  </p>
</div>
`;
